###############################################################################
#
# IAR ELF Linker V7.40.2.8542/W32 for ARM                 16/Jun/2015  10:26:19
# Copyright 2007-2015 IAR Systems AB.
#
#    Output file  =  C:\embedded_programming\lesson15\Debug\Exe\c.out
#    Map file     =  C:\embedded_programming\lesson15\Debug\List\c.map
#    Command line =  
#        C:\embedded_programming\lesson15\Debug\Obj\bsp.o
#        C:\embedded_programming\lesson15\Debug\Obj\delay.o
#        C:\embedded_programming\lesson15\Debug\Obj\main.o
#        C:\embedded_programming\lesson15\Debug\Obj\startup_tm4c.o -o
#        C:\embedded_programming\lesson15\Debug\Exe\c.out --redirect
#        _Printf=_PrintfFull --redirect _Scanf=_ScanfFull --map
#        C:\embedded_programming\lesson15\Debug\List\c.map --config
#        C:\embedded_programming\lesson15\project.icf --entry
#        __iar_program_start
#        C:\tools\IAR\ARM_KS_7.40\arm\CMSIS\Lib\IAR\iar_cortexM4lf_math.a --vfe
#
###############################################################################

*******************************************************************************
*** RUNTIME MODEL ATTRIBUTES
***

CppFlavor       = *
__SystemLibrary = DLib


*******************************************************************************
*** PLACEMENT SUMMARY
***

"A1":  place at 0x00000000 { ro section .intvec };
"P1":  place in [from 0x00000000 to 0x0003ffff] { ro };
"P2":  place in [from 0x20000000 to 0x20007fff] { rw, block CSTACK, block HEAP };

  Section            Kind        Address   Size  Object
  -------            ----        -------   ----  ------
"A1":                                     0x26c
  .intvec            const    0x00000000  0x26c  startup_tm4c.o [1]
                            - 0x0000026c  0x26c

"P1":                                     0x294
  .text              ro code  0x0000026c   0xd0  main.o [1]
  .text              ro code  0x0000033c   0x14  delay.o [1]
  .text              ro code  0x00000350   0x54  startup_tm4c.o [1]
  .text              ro code  0x000003a4   0x2c  bsp.o [1]
  .text              ro code  0x000003d0   0x2c  copy_init3.o [5]
  .text              ro code  0x000003fc   0x28  data_init.o [5]
  .text              ro code  0x00000424   0x22  fpinit_M.o [4]
  .iar.init_table    const    0x00000448   0x14  - Linker created -
  .text              ro code  0x0000045c   0x1a  cmain.o [5]
  .text              ro code  0x00000476    0x4  low_level_init.o [3]
  .text              ro code  0x0000047a    0x4  exit.o [3]
  .text              ro code  0x00000480    0xa  cexit.o [5]
  .text              ro code  0x0000048c    0xc  XXexit.o [5]
  .rodata            const    0x00000498    0xc  startup_tm4c.o [1]
  .rodata            const    0x000004a4    0xc  startup_tm4c.o [1]
  .rodata            const    0x000004b0    0xc  startup_tm4c.o [1]
  .rodata            const    0x000004bc    0xc  startup_tm4c.o [1]
  .text              ro code  0x000004c8    0xc  cstartup_M.o [5]
  .rodata            const    0x000004d4    0x8  startup_tm4c.o [1]
  .rodata            const    0x000004dc    0x0  copy_init3.o [5]
  Initializer bytes  const    0x000004dc   0x24  <for P2 s0>
                            - 0x00000500  0x294

"P2":                                     0x428
  P2 s0                       0x20000000   0x24  <Init block>
    .bss             inited   0x20000000    0xc  main.o [1]
    .data            inited   0x2000000c    0x8  main.o [1]
    .bss             inited   0x20000014    0x8  main.o [1]
    .data            inited   0x2000001c    0x4  main.o [1]
    .bss             inited   0x20000020    0x4  main.o [1]
  CSTACK                      0x20000028  0x400  <Block>
    CSTACK           uninit   0x20000028  0x400  <Block tail>
                            - 0x20000428  0x428


*******************************************************************************
*** INIT TABLE
***

          Address     Size
          -------     ----
Copy (__iar_copy_init3)
    1 source range, total size 0x24:
          0x000004dc  0x24
    1 destination range, total size 0x24:
          0x20000000  0x24



*******************************************************************************
*** MODULE SUMMARY
***

    Module            ro code  ro data  rw data
    ------            -------  -------  -------
C:\embedded_programming\lesson15\Debug\Obj: [1]
    bsp.o                  44
    delay.o                20
    main.o                208       36       36
    startup_tm4c.o         84      676
    -------------------------------------------
    Total:                356      712       36

command line: [2]
    -------------------------------------------
    Total:

dl7M_tln.a: [3]
    exit.o                  4
    low_level_init.o        4
    -------------------------------------------
    Total:                  8

m7M_tls.a: [4]
    fpinit_M.o             34
    -------------------------------------------
    Total:                 34

rt7M_tl.a: [5]
    XXexit.o               12
    cexit.o                10
    cmain.o                26
    copy_init3.o           44
    cstartup_M.o           12
    data_init.o            40
    -------------------------------------------
    Total:                144

    Gaps                    4        2
    Linker created                  20    1 024
-----------------------------------------------
    Grand Total:          546      734    1 060


*******************************************************************************
*** ENTRY LIST
***

Entry                      Address   Size  Type      Object
-----                      -------   ----  ----      ------
.iar.init_table$$Base   0x00000448          --   Gb  - Linker created -
.iar.init_table$$Limit  0x0000045c          --   Gb  - Linker created -
?main                   0x0000045d         Code  Gb  cmain.o [5]
ADC1Seq0_IRQHandler     0x00000383    0xa  Code  Wk  startup_tm4c.o [1]
ADC1Seq1_IRQHandler     0x00000383    0xa  Code  Wk  startup_tm4c.o [1]
ADC1Seq2_IRQHandler     0x00000383    0xa  Code  Wk  startup_tm4c.o [1]
ADC1Seq3_IRQHandler     0x00000383    0xa  Code  Wk  startup_tm4c.o [1]
ADCSeq0_IRQHandler      0x00000383    0xa  Code  Wk  startup_tm4c.o [1]
ADCSeq1_IRQHandler      0x00000383    0xa  Code  Wk  startup_tm4c.o [1]
ADCSeq2_IRQHandler      0x00000383    0xa  Code  Wk  startup_tm4c.o [1]
ADCSeq3_IRQHandler      0x00000383    0xa  Code  Wk  startup_tm4c.o [1]
BusFault_Handler        0x0000036f    0xa  Code  Gb  startup_tm4c.o [1]
CAN0_IRQHandler         0x00000383    0xa  Code  Wk  startup_tm4c.o [1]
CAN1_IRQHandler         0x00000383    0xa  Code  Wk  startup_tm4c.o [1]
CAN2_IRQHandler         0x00000383    0xa  Code  Wk  startup_tm4c.o [1]
CSTACK$$Base            0x20000028          --   Gb  - Linker created -
CSTACK$$Limit           0x20000428         Data  Gb  - Linker created -
Comp0_IRQHandler        0x00000383    0xa  Code  Wk  startup_tm4c.o [1]
Comp1_IRQHandler        0x00000383    0xa  Code  Wk  startup_tm4c.o [1]
Comp2_IRQHandler        0x00000383    0xa  Code  Wk  startup_tm4c.o [1]
DebugMon_Handler        0x00000383    0xa  Code  Wk  startup_tm4c.o [1]
EBI0_IRQHandler         0x00000383    0xa  Code  Wk  startup_tm4c.o [1]
FPU_IRQHandler          0x00000383    0xa  Code  Wk  startup_tm4c.o [1]
Fan0_IRQHandler         0x00000383    0xa  Code  Wk  startup_tm4c.o [1]
FlashCtrl_IRQHandler    0x00000383    0xa  Code  Wk  startup_tm4c.o [1]
GPIOPortA_IRQHandler    0x00000383    0xa  Code  Wk  startup_tm4c.o [1]
GPIOPortB_IRQHandler    0x00000383    0xa  Code  Wk  startup_tm4c.o [1]
GPIOPortC_IRQHandler    0x00000383    0xa  Code  Wk  startup_tm4c.o [1]
GPIOPortD_IRQHandler    0x00000383    0xa  Code  Wk  startup_tm4c.o [1]
GPIOPortE_IRQHandler    0x00000383    0xa  Code  Wk  startup_tm4c.o [1]
GPIOPortF_IRQHandler    0x00000383    0xa  Code  Wk  startup_tm4c.o [1]
GPIOPortG_IRQHandler    0x00000383    0xa  Code  Wk  startup_tm4c.o [1]
GPIOPortH_IRQHandler    0x00000383    0xa  Code  Wk  startup_tm4c.o [1]
GPIOPortJ_IRQHandler    0x00000383    0xa  Code  Wk  startup_tm4c.o [1]
GPIOPortK_IRQHandler    0x00000383    0xa  Code  Wk  startup_tm4c.o [1]
GPIOPortL_IRQHandler    0x00000383    0xa  Code  Wk  startup_tm4c.o [1]
GPIOPortM_IRQHandler    0x00000383    0xa  Code  Wk  startup_tm4c.o [1]
GPIOPortN_IRQHandler    0x00000383    0xa  Code  Wk  startup_tm4c.o [1]
GPIOPortP0_IRQHandler   0x00000383    0xa  Code  Wk  startup_tm4c.o [1]
GPIOPortP1_IRQHandler   0x00000383    0xa  Code  Wk  startup_tm4c.o [1]
GPIOPortP2_IRQHandler   0x00000383    0xa  Code  Wk  startup_tm4c.o [1]
GPIOPortP3_IRQHandler   0x00000383    0xa  Code  Wk  startup_tm4c.o [1]
GPIOPortP4_IRQHandler   0x00000383    0xa  Code  Wk  startup_tm4c.o [1]
GPIOPortP5_IRQHandler   0x00000383    0xa  Code  Wk  startup_tm4c.o [1]
GPIOPortP6_IRQHandler   0x00000383    0xa  Code  Wk  startup_tm4c.o [1]
GPIOPortP7_IRQHandler   0x00000383    0xa  Code  Wk  startup_tm4c.o [1]
GPIOPortQ0_IRQHandler   0x00000383    0xa  Code  Wk  startup_tm4c.o [1]
GPIOPortQ1_IRQHandler   0x00000383    0xa  Code  Wk  startup_tm4c.o [1]
GPIOPortQ2_IRQHandler   0x00000383    0xa  Code  Wk  startup_tm4c.o [1]
GPIOPortQ3_IRQHandler   0x00000383    0xa  Code  Wk  startup_tm4c.o [1]
GPIOPortQ4_IRQHandler   0x00000383    0xa  Code  Wk  startup_tm4c.o [1]
GPIOPortQ5_IRQHandler   0x00000383    0xa  Code  Wk  startup_tm4c.o [1]
GPIOPortQ6_IRQHandler   0x00000383    0xa  Code  Wk  startup_tm4c.o [1]
GPIOPortQ7_IRQHandler   0x00000383    0xa  Code  Wk  startup_tm4c.o [1]
GPIOPortR_IRQHandler    0x00000383    0xa  Code  Wk  startup_tm4c.o [1]
GPIOPortS_IRQHandler    0x00000383    0xa  Code  Wk  startup_tm4c.o [1]
HardFault_Handler       0x00000351    0xa  Code  Gb  startup_tm4c.o [1]
Hibernate_IRQHandler    0x00000383    0xa  Code  Wk  startup_tm4c.o [1]
I2C0_IRQHandler         0x00000383    0xa  Code  Wk  startup_tm4c.o [1]
I2C1_IRQHandler         0x00000383    0xa  Code  Wk  startup_tm4c.o [1]
I2C2_IRQHandler         0x00000383    0xa  Code  Wk  startup_tm4c.o [1]
I2C3_IRQHandler         0x00000383    0xa  Code  Wk  startup_tm4c.o [1]
I2C4_IRQHandler         0x00000383    0xa  Code  Wk  startup_tm4c.o [1]
I2C5_IRQHandler         0x00000383    0xa  Code  Wk  startup_tm4c.o [1]
I2S0_IRQHandler         0x00000383    0xa  Code  Wk  startup_tm4c.o [1]
LPC0_IRQHandler         0x00000383    0xa  Code  Wk  startup_tm4c.o [1]
MemManage_Handler       0x00000365    0xa  Code  Gb  startup_tm4c.o [1]
NMI_Handler             0x0000035b    0xa  Code  Gb  startup_tm4c.o [1]
NVIC_SystemReset        0x000003a5   0x1a  Code  Lc  bsp.o [1]
PECI0_IRQHandler        0x00000383    0xa  Code  Wk  startup_tm4c.o [1]
PWM1Fault_IRQHandler    0x00000383    0xa  Code  Wk  startup_tm4c.o [1]
PWM1Gen0_IRQHandler     0x00000383    0xa  Code  Wk  startup_tm4c.o [1]
PWM1Gen1_IRQHandler     0x00000383    0xa  Code  Wk  startup_tm4c.o [1]
PWM1Gen2_IRQHandler     0x00000383    0xa  Code  Wk  startup_tm4c.o [1]
PWM1Gen3_IRQHandler     0x00000383    0xa  Code  Wk  startup_tm4c.o [1]
PWMFault_IRQHandler     0x00000383    0xa  Code  Wk  startup_tm4c.o [1]
PWMGen0_IRQHandler      0x00000383    0xa  Code  Wk  startup_tm4c.o [1]
PWMGen1_IRQHandler      0x00000383    0xa  Code  Wk  startup_tm4c.o [1]
PWMGen2_IRQHandler      0x00000383    0xa  Code  Wk  startup_tm4c.o [1]
PWMGen3_IRQHandler      0x00000383    0xa  Code  Wk  startup_tm4c.o [1]
PendSV_Handler          0x00000383    0xa  Code  Wk  startup_tm4c.o [1]
QEI0_IRQHandler         0x00000383    0xa  Code  Wk  startup_tm4c.o [1]
QEI1_IRQHandler         0x00000383    0xa  Code  Wk  startup_tm4c.o [1]
QEI2_IRQHandler         0x00000383    0xa  Code  Wk  startup_tm4c.o [1]
Region$$Table$$Base     0x00000448          --   Gb  - Linker created -
Region$$Table$$Limit    0x0000045c          --   Gb  - Linker created -
SSI0_IRQHandler         0x00000383    0xa  Code  Wk  startup_tm4c.o [1]
SSI1_IRQHandler         0x00000383    0xa  Code  Wk  startup_tm4c.o [1]
SSI2_IRQHandler         0x00000383    0xa  Code  Wk  startup_tm4c.o [1]
SSI3_IRQHandler         0x00000383    0xa  Code  Wk  startup_tm4c.o [1]
SVC_Handler             0x00000383    0xa  Code  Wk  startup_tm4c.o [1]
SysCtrl_IRQHandler      0x00000383    0xa  Code  Wk  startup_tm4c.o [1]
SysTick_Handler         0x000003cf    0x2  Code  Gb  bsp.o [1]
Timer0A_IRQHandler      0x00000383    0xa  Code  Wk  startup_tm4c.o [1]
Timer0B_IRQHandler      0x00000383    0xa  Code  Wk  startup_tm4c.o [1]
Timer1A_IRQHandler      0x00000383    0xa  Code  Wk  startup_tm4c.o [1]
Timer1B_IRQHandler      0x00000383    0xa  Code  Wk  startup_tm4c.o [1]
Timer2A_IRQHandler      0x00000383    0xa  Code  Wk  startup_tm4c.o [1]
Timer2B_IRQHandler      0x00000383    0xa  Code  Wk  startup_tm4c.o [1]
Timer3A_IRQHandler      0x00000383    0xa  Code  Wk  startup_tm4c.o [1]
Timer3B_IRQHandler      0x00000383    0xa  Code  Wk  startup_tm4c.o [1]
Timer4A_IRQHandler      0x00000383    0xa  Code  Wk  startup_tm4c.o [1]
Timer4B_IRQHandler      0x00000383    0xa  Code  Wk  startup_tm4c.o [1]
Timer5A_IRQHandler      0x00000383    0xa  Code  Wk  startup_tm4c.o [1]
Timer5B_IRQHandler      0x00000383    0xa  Code  Wk  startup_tm4c.o [1]
UART0_IRQHandler        0x00000383    0xa  Code  Wk  startup_tm4c.o [1]
UART1_IRQHandler        0x00000383    0xa  Code  Wk  startup_tm4c.o [1]
UART2_IRQHandler        0x00000383    0xa  Code  Wk  startup_tm4c.o [1]
UART3_IRQHandler        0x00000383    0xa  Code  Wk  startup_tm4c.o [1]
UART4_IRQHandler        0x00000383    0xa  Code  Wk  startup_tm4c.o [1]
UART5_IRQHandler        0x00000383    0xa  Code  Wk  startup_tm4c.o [1]
UART6_IRQHandler        0x00000383    0xa  Code  Wk  startup_tm4c.o [1]
UART7_IRQHandler        0x00000383    0xa  Code  Wk  startup_tm4c.o [1]
USB0_IRQHandler         0x00000383    0xa  Code  Wk  startup_tm4c.o [1]
Unused_Handler          0x00000383    0xa  Code  Gb  startup_tm4c.o [1]
UsageFault_Handler      0x00000379    0xa  Code  Gb  startup_tm4c.o [1]
Watchdog_IRQHandler     0x00000383    0xa  Code  Wk  startup_tm4c.o [1]
WideTimer0A_IRQHandler  0x00000383    0xa  Code  Wk  startup_tm4c.o [1]
WideTimer0B_IRQHandler  0x00000383    0xa  Code  Wk  startup_tm4c.o [1]
WideTimer1A_IRQHandler  0x00000383    0xa  Code  Wk  startup_tm4c.o [1]
WideTimer1B_IRQHandler  0x00000383    0xa  Code  Wk  startup_tm4c.o [1]
WideTimer2A_IRQHandler  0x00000383    0xa  Code  Wk  startup_tm4c.o [1]
WideTimer2B_IRQHandler  0x00000383    0xa  Code  Wk  startup_tm4c.o [1]
WideTimer3A_IRQHandler  0x00000383    0xa  Code  Wk  startup_tm4c.o [1]
WideTimer3B_IRQHandler  0x00000383    0xa  Code  Wk  startup_tm4c.o [1]
WideTimer4A_IRQHandler  0x00000383    0xa  Code  Wk  startup_tm4c.o [1]
WideTimer4B_IRQHandler  0x00000383    0xa  Code  Wk  startup_tm4c.o [1]
WideTimer5A_IRQHandler  0x00000383    0xa  Code  Wk  startup_tm4c.o [1]
WideTimer5B_IRQHandler  0x00000383    0xa  Code  Wk  startup_tm4c.o [1]
__cmain                 0x0000045d         Code  Gb  cmain.o [5]
__exit                  0x0000048d         Code  Gb  XXexit.o [5]
__iar_copy_init3        0x000003d1   0x2c  Code  Gb  copy_init3.o [5]
__iar_data_init3        0x000003fd   0x28  Code  Gb  data_init.o [5]
__iar_init_vfp          0x00000425         Code  Gb  fpinit_M.o [4]
__iar_program_start     0x000004c9         Code  Gb  cstartup_M.o [5]
__low_level_init        0x00000477    0x4  Code  Gb  low_level_init.o [3]
__vector_table          0x00000000  0x26c  Data  Gb  startup_tm4c.o [1]
_call_main              0x00000469         Code  Gb  cmain.o [5]
_exit                   0x00000481         Code  Gb  cexit.o [5]
_main                   0x00000473         Code  Gb  cmain.o [5]
assert_failed           0x000003c9    0x6  Code  Gb  bsp.o [1]
delay                   0x0000033d   0x14  Code  Gb  delay.o [1]
exit                    0x0000047b    0x4  Code  Gb  exit.o [3]
main                    0x0000026d   0xd0  Code  Gb  main.o [1]
p1                      0x2000001c    0x4  Data  Gb  main.o [1]
p2                      0x20000020    0x4  Data  Gb  main.o [1]
t                       0x20000000    0xc  Data  Gb  main.o [1]
uDMAError_IRQHandler    0x00000383    0xa  Code  Wk  startup_tm4c.o [1]
uDMAST_IRQHandler       0x00000383    0xa  Code  Wk  startup_tm4c.o [1]
w                       0x2000000c    0x8  Data  Gb  main.o [1]
w2                      0x20000014    0x8  Data  Gb  main.o [1]


[1] = C:\embedded_programming\lesson15\Debug\Obj
[2] = command line
[3] = dl7M_tln.a
[4] = m7M_tls.a
[5] = rt7M_tl.a

    546 bytes of readonly  code memory
    734 bytes of readonly  data memory
  1 060 bytes of readwrite data memory

Errors: none
Warnings: none
