###############################################################################
#
# IAR ELF Linker V7.30.4.8167/W32 for ARM                 16/Jan/2015  18:26:35
# Copyright 2007-2014 IAR Systems AB.
#
#    Output file  =  C:\embedded_programming\lesson14\Debug\Exe\c.out
#    Map file     =  C:\embedded_programming\lesson14\Debug\List\c.map
#    Command line =  
#        C:\embedded_programming\lesson14\Debug\Obj\delay.o
#        C:\embedded_programming\lesson14\Debug\Obj\main.o
#        C:\embedded_programming\lesson14\Debug\Obj\startup_tm4c.o -o
#        C:\embedded_programming\lesson14\Debug\Exe\c.out --redirect
#        _Printf=_PrintfFull --redirect _Scanf=_ScanfFull --map
#        C:\embedded_programming\lesson14\Debug\List\c.map --config
#        C:\embedded_programming\lesson14\project.icf --entry
#        __iar_program_start
#        C:\tools\IAR\ARM_KS_7.30\arm\CMSIS\Lib\IAR\iar_cortexM4lf_math.a --vfe
#
###############################################################################

*******************************************************************************
*** RUNTIME MODEL ATTRIBUTES
***

CppFlavor       = *
__SystemLibrary = DLib


*******************************************************************************
*** PLACEMENT SUMMARY
***

"A1":  place at 0x00000000 { ro section .intvec };
"P1":  place in [from 0x00000000 to 0x0003ffff] { ro };
"P2":  place in [from 0x20000000 to 0x20007fff] { rw, block CSTACK, block HEAP };

  Section            Kind        Address   Size  Object
  -------            ----        -------   ----  ------
"A1":                                       0x8
  .intvec            const    0x00000000    0x8  startup_tm4c.o [1]
                            - 0x00000008    0x8

"P1":                                     0x1e0
  .text              ro code  0x00000008   0xd0  main.o [1]
  .text              ro code  0x000000d8   0x14  delay.o [1]
  .text              ro code  0x000000ec   0x2e  copy_init3.o [5]
  .text              ro code  0x0000011c   0x28  data_init.o [5]
  .text              ro code  0x00000144   0x22  fpinit_M.o [4]
  .iar.init_table    const    0x00000168   0x14  - Linker created -
  .text              ro code  0x0000017c   0x1a  cmain.o [5]
  .text              ro code  0x00000196    0x4  low_level_init.o [3]
  .text              ro code  0x0000019a    0x4  exit.o [3]
  .text              ro code  0x000001a0    0xa  cexit.o [5]
  .text              ro code  0x000001ac    0xc  XXexit.o [5]
  .text              ro code  0x000001b8    0xc  cstartup_M.o [5]
  .rodata            const    0x000001c4    0x0  copy_init3.o [5]
  Initializer bytes  const    0x000001c4   0x24  <for P2 s0>
                            - 0x000001e8  0x1e0

"P2":                                      0x24
  P2 s0                       0x20000000   0x24  <Init block>
    .bss             inited   0x20000000    0xc  main.o [1]
    .data            inited   0x2000000c    0x8  main.o [1]
    .bss             inited   0x20000014    0x8  main.o [1]
    .data            inited   0x2000001c    0x4  main.o [1]
    .bss             inited   0x20000020    0x4  main.o [1]
                            - 0x20000024   0x24


*******************************************************************************
*** INIT TABLE
***

          Address     Size
          -------     ----
Copy (__iar_copy_init3)
    1 source range, total size 0x24:
          0x000001c4  0x24
    1 destination range, total size 0x24:
          0x20000000  0x24



*******************************************************************************
*** MODULE SUMMARY
***

    Module            ro code  ro data  rw data
    ------            -------  -------  -------
C:\embedded_programming\lesson14\Debug\Obj: [1]
    delay.o                20
    main.o                208       36       36
    startup_tm4c.o                   8
    -------------------------------------------
    Total:                228       44       36

command line: [2]
    -------------------------------------------
    Total:

dl7M_tln.a: [3]
    exit.o                  4
    low_level_init.o        4
    -------------------------------------------
    Total:                  8

m7M_tls.a: [4]
    fpinit_M.o             34
    -------------------------------------------
    Total:                 34

rt7M_tl.a: [5]
    XXexit.o               12
    cexit.o                10
    cmain.o                26
    copy_init3.o           46
    cstartup_M.o           12
    data_init.o            40
    -------------------------------------------
    Total:                146

    Gaps                    6        2
    Linker created                  20
-----------------------------------------------
    Grand Total:          422       66       36


*******************************************************************************
*** ENTRY LIST
***

Entry                      Address  Size  Type      Object
-----                      -------  ----  ----      ------
.iar.init_table$$Base   0x00000168         --   Gb  - Linker created -
.iar.init_table$$Limit  0x0000017c         --   Gb  - Linker created -
?main                   0x0000017d        Code  Gb  cmain.o [5]
Region$$Table$$Base     0x00000168         --   Gb  - Linker created -
Region$$Table$$Limit    0x0000017c         --   Gb  - Linker created -
__cmain                 0x0000017d        Code  Gb  cmain.o [5]
__exit                  0x000001ad        Code  Gb  XXexit.o [5]
__iar_copy_init3        0x000000ed  0x2e  Code  Gb  copy_init3.o [5]
__iar_data_init3        0x0000011d  0x28  Code  Gb  data_init.o [5]
__iar_init_vfp          0x00000145        Code  Gb  fpinit_M.o [4]
__iar_program_start     0x000001b9        Code  Gb  cstartup_M.o [5]
__low_level_init        0x00000197   0x4  Code  Gb  low_level_init.o [3]
__vector_table          0x00000000   0x8  Data  Gb  startup_tm4c.o [1]
_call_main              0x00000189        Code  Gb  cmain.o [5]
_exit                   0x000001a1        Code  Gb  cexit.o [5]
_main                   0x00000193        Code  Gb  cmain.o [5]
delay                   0x000000d9  0x14  Code  Gb  delay.o [1]
exit                    0x0000019b   0x4  Code  Gb  exit.o [3]
main                    0x00000009  0xd0  Code  Gb  main.o [1]
p1                      0x2000001c   0x4  Data  Gb  main.o [1]
p2                      0x20000020   0x4  Data  Gb  main.o [1]
t                       0x20000000   0xc  Data  Gb  main.o [1]
w                       0x2000000c   0x8  Data  Gb  main.o [1]
w2                      0x20000014   0x8  Data  Gb  main.o [1]


[1] = C:\embedded_programming\lesson14\Debug\Obj
[2] = command line
[3] = dl7M_tln.a
[4] = m7M_tls.a
[5] = rt7M_tl.a

  422 bytes of readonly  code memory
   66 bytes of readonly  data memory
   36 bytes of readwrite data memory

Errors: none
Warnings: none
