###############################################################################
#
# IAR ELF Linker V7.30.4.8167/W32 for ARM                 05/Feb/2015  13:43:01
# Copyright 2007-2014 IAR Systems AB.
#
#    Output file  =  C:\embedded_programming\lesson13\Debug\Exe\c.out
#    Map file     =  C:\embedded_programming\lesson13\Debug\List\c.map
#    Command line =  
#        C:\embedded_programming\lesson13\Debug\Obj\delay.o
#        C:\embedded_programming\lesson13\Debug\Obj\main.o -o
#        C:\embedded_programming\lesson13\Debug\Exe\c.out --redirect
#        _Printf=_PrintfFull --redirect _Scanf=_ScanfFull --map
#        C:\embedded_programming\lesson13\Debug\List\c.map --config
#        C:\embedded_programming\lesson13\project.icf --entry
#        __iar_program_start
#        C:\tools\IAR\ARM_KS_7.30\arm\CMSIS\Lib\IAR\iar_cortexM4lf_math.a --vfe
#
###############################################################################

*******************************************************************************
*** RUNTIME MODEL ATTRIBUTES
***

CppFlavor       = *
__SystemLibrary = DLib


*******************************************************************************
*** PLACEMENT SUMMARY
***

"A1":  place at 0x00000000 { ro section .intvec };
"P1":  place in [from 0x00000000 to 0x0003ffff] { ro };
"P2":  place in [from 0x20000000 to 0x20007fff] { rw, block CSTACK, block HEAP };

  Section            Kind        Address   Size  Object
  -------            ----        -------   ----  ------
"A1":                                      0x40
  .intvec            ro code  0x00000000   0x40  vector_table_M.o [5]
                            - 0x00000040   0x40

"P1":                                     0x1e0
  .text              ro code  0x00000040   0xd0  main.o [1]
  .text              ro code  0x00000110   0x14  delay.o [1]
  .text              ro code  0x00000124   0x2e  copy_init3.o [5]
  .text              ro code  0x00000152    0x2  vector_table_M.o [5]
  .text              ro code  0x00000154   0x28  data_init.o [5]
  .text              ro code  0x0000017c   0x22  fpinit_M.o [4]
  .iar.init_table    const    0x000001a0   0x14  - Linker created -
  .text              ro code  0x000001b4   0x1a  cmain.o [5]
  .text              ro code  0x000001ce    0x4  low_level_init.o [3]
  .text              ro code  0x000001d2    0x4  exit.o [3]
  .text              ro code  0x000001d8    0xa  cexit.o [5]
  .text              ro code  0x000001e4    0xc  XXexit.o [5]
  .text              ro code  0x000001f0    0xc  cstartup_M.o [5]
  .rodata            const    0x000001fc    0x0  copy_init3.o [5]
  Initializer bytes  const    0x000001fc   0x24  <for P2 s0>
                            - 0x00000220  0x1e0

"P2":                                     0x428
  P2 s0                       0x20000000   0x24  <Init block>
    .bss             inited   0x20000000    0xc  main.o [1]
    .data            inited   0x2000000c    0x8  main.o [1]
    .bss             inited   0x20000014    0x8  main.o [1]
    .data            inited   0x2000001c    0x4  main.o [1]
    .bss             inited   0x20000020    0x4  main.o [1]
  CSTACK                      0x20000028  0x400  <Block>
    CSTACK           uninit   0x20000028  0x400  <Block tail>
                            - 0x20000428  0x428


*******************************************************************************
*** INIT TABLE
***

          Address     Size
          -------     ----
Copy (__iar_copy_init3)
    1 source range, total size 0x24:
          0x000001fc  0x24
    1 destination range, total size 0x24:
          0x20000000  0x24



*******************************************************************************
*** MODULE SUMMARY
***

    Module            ro code  ro data  rw data
    ------            -------  -------  -------
C:\embedded_programming\lesson13\Debug\Obj: [1]
    delay.o                20
    main.o                208       36       36
    -------------------------------------------
    Total:                228       36       36

command line: [2]
    -------------------------------------------
    Total:

dl7M_tln.a: [3]
    exit.o                  4
    low_level_init.o        4
    -------------------------------------------
    Total:                  8

m7M_tls.a: [4]
    fpinit_M.o             34
    -------------------------------------------
    Total:                 34

rt7M_tl.a: [5]
    XXexit.o               12
    cexit.o                10
    cmain.o                26
    copy_init3.o           46
    cstartup_M.o           12
    data_init.o            40
    vector_table_M.o       66
    -------------------------------------------
    Total:                212

    Gaps                    4        2
    Linker created                  20    1 024
-----------------------------------------------
    Grand Total:          486       58    1 060


*******************************************************************************
*** ENTRY LIST
***

Entry                      Address  Size  Type      Object
-----                      -------  ----  ----      ------
.iar.init_table$$Base   0x000001a0         --   Gb  - Linker created -
.iar.init_table$$Limit  0x000001b4         --   Gb  - Linker created -
?main                   0x000001b5        Code  Gb  cmain.o [5]
CSTACK$$Base            0x20000028         --   Gb  - Linker created -
CSTACK$$Limit           0x20000428         --   Gb  - Linker created -
Region$$Table$$Base     0x000001a0         --   Gb  - Linker created -
Region$$Table$$Limit    0x000001b4         --   Gb  - Linker created -
__cmain                 0x000001b5        Code  Gb  cmain.o [5]
__exit                  0x000001e5        Code  Gb  XXexit.o [5]
__iar_copy_init3        0x00000125  0x2e  Code  Gb  copy_init3.o [5]
__iar_data_init3        0x00000155  0x28  Code  Gb  data_init.o [5]
__iar_init_vfp          0x0000017d        Code  Gb  fpinit_M.o [4]
__iar_program_start     0x000001f1        Code  Gb  cstartup_M.o [5]
__low_level_init        0x000001cf   0x4  Code  Gb  low_level_init.o [3]
__vector_table          0x00000000        Data  Gb  vector_table_M.o [5]
_call_main              0x000001c1        Code  Gb  cmain.o [5]
_exit                   0x000001d9        Code  Gb  cexit.o [5]
_main                   0x000001cb        Code  Gb  cmain.o [5]
delay                   0x00000111  0x14  Code  Gb  delay.o [1]
exit                    0x000001d3   0x4  Code  Gb  exit.o [3]
main                    0x00000041  0xd0  Code  Gb  main.o [1]
p1                      0x2000001c   0x4  Data  Gb  main.o [1]
p2                      0x20000020   0x4  Data  Gb  main.o [1]
t                       0x20000000   0xc  Data  Gb  main.o [1]
w                       0x2000000c   0x8  Data  Gb  main.o [1]
w2                      0x20000014   0x8  Data  Gb  main.o [1]


[1] = C:\embedded_programming\lesson13\Debug\Obj
[2] = command line
[3] = dl7M_tln.a
[4] = m7M_tls.a
[5] = rt7M_tl.a

    486 bytes of readonly  code memory
     58 bytes of readonly  data memory
  1 060 bytes of readwrite data memory

Errors: none
Warnings: none
