###############################################################################
#
# IAR ELF Linker V7.40.3.8902/W32 for ARM                 07/Oct/2015  09:49:46
# Copyright 2007-2015 IAR Systems AB.
#
#    Output file  =  C:\embedded_programming\lesson17\Debug\Exe\c.out
#    Map file     =  C:\embedded_programming\lesson17\Debug\List\c.map
#    Command line =  
#        C:\embedded_programming\lesson17\Debug\Obj\bsp.o
#        C:\embedded_programming\lesson17\Debug\Obj\main.o
#        C:\embedded_programming\lesson17\Debug\Obj\startup_tm4c.o -o
#        C:\embedded_programming\lesson17\Debug\Exe\c.out --redirect
#        _Printf=_PrintfFull --redirect _Scanf=_ScanfFull --map
#        C:\embedded_programming\lesson17\Debug\List\c.map --config
#        C:\embedded_programming\lesson17\project.icf --entry
#        __iar_program_start
#        C:\tools\IAR\ARM_KS_7.40\arm\CMSIS\Lib\IAR\iar_cortexM4lf_math.a --vfe
#
###############################################################################

*******************************************************************************
*** RUNTIME MODEL ATTRIBUTES
***

CppFlavor       = *
__SystemLibrary = DLib


*******************************************************************************
*** PLACEMENT SUMMARY
***

"A1":  place at 0x00000000 { ro section .intvec };
"P1":  place in [from 0x00000000 to 0x0003ffff] { ro };
"P2":  place in [from 0x20000000 to 0x20007fff] { rw, block CSTACK, block HEAP };

  Section   Kind        Address   Size  Object
  -------   ----        -------   ----  ------
"A1":                            0x26c
  .intvec   const    0x00000000  0x26c  startup_tm4c.o [1]
                   - 0x0000026c  0x26c

"P1":                            0x1b0
  .text     ro code  0x0000026c   0x7c  main.o [1]
  .text     ro code  0x000002e8   0x3c  bsp.o [1]
  .text     ro code  0x00000324   0x54  startup_tm4c.o [1]
  .text     ro code  0x00000378   0x22  fpinit_M.o [4]
  .text     ro code  0x0000039c   0x1a  cmain.o [5]
  .text     ro code  0x000003b6    0x4  low_level_init.o [3]
  .text     ro code  0x000003ba    0x4  exit.o [3]
  .text     ro code  0x000003c0    0xa  cexit.o [5]
  .text     ro code  0x000003cc    0xc  XXexit.o [5]
  .rodata   const    0x000003d8    0xc  startup_tm4c.o [1]
  .rodata   const    0x000003e4    0xc  startup_tm4c.o [1]
  .rodata   const    0x000003f0    0xc  startup_tm4c.o [1]
  .rodata   const    0x000003fc    0xc  startup_tm4c.o [1]
  .text     ro code  0x00000408    0xc  cstartup_M.o [5]
  .rodata   const    0x00000414    0x8  startup_tm4c.o [1]
                   - 0x0000041c  0x1b0

"P2":                            0x400
  CSTACK             0x20000000  0x400  <Block>
    CSTACK  uninit   0x20000000  0x400  <Block tail>
                   - 0x20000400  0x400



*******************************************************************************
*** MODULE SUMMARY
***

    Module            ro code  ro data  rw data
    ------            -------  -------  -------
C:\embedded_programming\lesson17\Debug\Obj: [1]
    bsp.o                  60
    main.o                124
    startup_tm4c.o         84      676
    -------------------------------------------
    Total:                268      676

command line: [2]
    -------------------------------------------
    Total:

dl7M_tln.a: [3]
    exit.o                  4
    low_level_init.o        4
    -------------------------------------------
    Total:                  8

m7M_tls.a: [4]
    fpinit_M.o             34
    -------------------------------------------
    Total:                 34

rt7M_tl.a: [5]
    XXexit.o               12
    cexit.o                10
    cmain.o                26
    cstartup_M.o           12
    -------------------------------------------
    Total:                 60

    Gaps                    6
    Linker created                        1 024
-----------------------------------------------
    Grand Total:          376      676    1 024


*******************************************************************************
*** ENTRY LIST
***

Entry                      Address   Size  Type      Object
-----                      -------   ----  ----      ------
?main                   0x0000039d         Code  Gb  cmain.o [5]
ADC1Seq0_IRQHandler     0x00000357    0xa  Code  Wk  startup_tm4c.o [1]
ADC1Seq1_IRQHandler     0x00000357    0xa  Code  Wk  startup_tm4c.o [1]
ADC1Seq2_IRQHandler     0x00000357    0xa  Code  Wk  startup_tm4c.o [1]
ADC1Seq3_IRQHandler     0x00000357    0xa  Code  Wk  startup_tm4c.o [1]
ADCSeq0_IRQHandler      0x00000357    0xa  Code  Wk  startup_tm4c.o [1]
ADCSeq1_IRQHandler      0x00000357    0xa  Code  Wk  startup_tm4c.o [1]
ADCSeq2_IRQHandler      0x00000357    0xa  Code  Wk  startup_tm4c.o [1]
ADCSeq3_IRQHandler      0x00000357    0xa  Code  Wk  startup_tm4c.o [1]
BusFault_Handler        0x00000343    0xa  Code  Gb  startup_tm4c.o [1]
CAN0_IRQHandler         0x00000357    0xa  Code  Wk  startup_tm4c.o [1]
CAN1_IRQHandler         0x00000357    0xa  Code  Wk  startup_tm4c.o [1]
CAN2_IRQHandler         0x00000357    0xa  Code  Wk  startup_tm4c.o [1]
CSTACK$$Base            0x20000000          --   Gb  - Linker created -
CSTACK$$Limit           0x20000400         Data  Gb  - Linker created -
Comp0_IRQHandler        0x00000357    0xa  Code  Wk  startup_tm4c.o [1]
Comp1_IRQHandler        0x00000357    0xa  Code  Wk  startup_tm4c.o [1]
Comp2_IRQHandler        0x00000357    0xa  Code  Wk  startup_tm4c.o [1]
DebugMon_Handler        0x00000357    0xa  Code  Wk  startup_tm4c.o [1]
EBI0_IRQHandler         0x00000357    0xa  Code  Wk  startup_tm4c.o [1]
FPU_IRQHandler          0x00000357    0xa  Code  Wk  startup_tm4c.o [1]
Fan0_IRQHandler         0x00000357    0xa  Code  Wk  startup_tm4c.o [1]
FlashCtrl_IRQHandler    0x00000357    0xa  Code  Wk  startup_tm4c.o [1]
GPIOPortA_IRQHandler    0x00000357    0xa  Code  Wk  startup_tm4c.o [1]
GPIOPortB_IRQHandler    0x00000357    0xa  Code  Wk  startup_tm4c.o [1]
GPIOPortC_IRQHandler    0x00000357    0xa  Code  Wk  startup_tm4c.o [1]
GPIOPortD_IRQHandler    0x00000357    0xa  Code  Wk  startup_tm4c.o [1]
GPIOPortE_IRQHandler    0x00000357    0xa  Code  Wk  startup_tm4c.o [1]
GPIOPortF_IRQHandler    0x00000357    0xa  Code  Wk  startup_tm4c.o [1]
GPIOPortG_IRQHandler    0x00000357    0xa  Code  Wk  startup_tm4c.o [1]
GPIOPortH_IRQHandler    0x00000357    0xa  Code  Wk  startup_tm4c.o [1]
GPIOPortJ_IRQHandler    0x00000357    0xa  Code  Wk  startup_tm4c.o [1]
GPIOPortK_IRQHandler    0x00000357    0xa  Code  Wk  startup_tm4c.o [1]
GPIOPortL_IRQHandler    0x00000357    0xa  Code  Wk  startup_tm4c.o [1]
GPIOPortM_IRQHandler    0x00000357    0xa  Code  Wk  startup_tm4c.o [1]
GPIOPortN_IRQHandler    0x00000357    0xa  Code  Wk  startup_tm4c.o [1]
GPIOPortP0_IRQHandler   0x00000357    0xa  Code  Wk  startup_tm4c.o [1]
GPIOPortP1_IRQHandler   0x00000357    0xa  Code  Wk  startup_tm4c.o [1]
GPIOPortP2_IRQHandler   0x00000357    0xa  Code  Wk  startup_tm4c.o [1]
GPIOPortP3_IRQHandler   0x00000357    0xa  Code  Wk  startup_tm4c.o [1]
GPIOPortP4_IRQHandler   0x00000357    0xa  Code  Wk  startup_tm4c.o [1]
GPIOPortP5_IRQHandler   0x00000357    0xa  Code  Wk  startup_tm4c.o [1]
GPIOPortP6_IRQHandler   0x00000357    0xa  Code  Wk  startup_tm4c.o [1]
GPIOPortP7_IRQHandler   0x00000357    0xa  Code  Wk  startup_tm4c.o [1]
GPIOPortQ0_IRQHandler   0x00000357    0xa  Code  Wk  startup_tm4c.o [1]
GPIOPortQ1_IRQHandler   0x00000357    0xa  Code  Wk  startup_tm4c.o [1]
GPIOPortQ2_IRQHandler   0x00000357    0xa  Code  Wk  startup_tm4c.o [1]
GPIOPortQ3_IRQHandler   0x00000357    0xa  Code  Wk  startup_tm4c.o [1]
GPIOPortQ4_IRQHandler   0x00000357    0xa  Code  Wk  startup_tm4c.o [1]
GPIOPortQ5_IRQHandler   0x00000357    0xa  Code  Wk  startup_tm4c.o [1]
GPIOPortQ6_IRQHandler   0x00000357    0xa  Code  Wk  startup_tm4c.o [1]
GPIOPortQ7_IRQHandler   0x00000357    0xa  Code  Wk  startup_tm4c.o [1]
GPIOPortR_IRQHandler    0x00000357    0xa  Code  Wk  startup_tm4c.o [1]
GPIOPortS_IRQHandler    0x00000357    0xa  Code  Wk  startup_tm4c.o [1]
HardFault_Handler       0x00000325    0xa  Code  Gb  startup_tm4c.o [1]
Hibernate_IRQHandler    0x00000357    0xa  Code  Wk  startup_tm4c.o [1]
I2C0_IRQHandler         0x00000357    0xa  Code  Wk  startup_tm4c.o [1]
I2C1_IRQHandler         0x00000357    0xa  Code  Wk  startup_tm4c.o [1]
I2C2_IRQHandler         0x00000357    0xa  Code  Wk  startup_tm4c.o [1]
I2C3_IRQHandler         0x00000357    0xa  Code  Wk  startup_tm4c.o [1]
I2C4_IRQHandler         0x00000357    0xa  Code  Wk  startup_tm4c.o [1]
I2C5_IRQHandler         0x00000357    0xa  Code  Wk  startup_tm4c.o [1]
I2S0_IRQHandler         0x00000357    0xa  Code  Wk  startup_tm4c.o [1]
LPC0_IRQHandler         0x00000357    0xa  Code  Wk  startup_tm4c.o [1]
MemManage_Handler       0x00000339    0xa  Code  Gb  startup_tm4c.o [1]
NMI_Handler             0x0000032f    0xa  Code  Gb  startup_tm4c.o [1]
NVIC_SystemReset        0x000002e9   0x1c  Code  Lc  bsp.o [1]
PECI0_IRQHandler        0x00000357    0xa  Code  Wk  startup_tm4c.o [1]
PWM1Fault_IRQHandler    0x00000357    0xa  Code  Wk  startup_tm4c.o [1]
PWM1Gen0_IRQHandler     0x00000357    0xa  Code  Wk  startup_tm4c.o [1]
PWM1Gen1_IRQHandler     0x00000357    0xa  Code  Wk  startup_tm4c.o [1]
PWM1Gen2_IRQHandler     0x00000357    0xa  Code  Wk  startup_tm4c.o [1]
PWM1Gen3_IRQHandler     0x00000357    0xa  Code  Wk  startup_tm4c.o [1]
PWMFault_IRQHandler     0x00000357    0xa  Code  Wk  startup_tm4c.o [1]
PWMGen0_IRQHandler      0x00000357    0xa  Code  Wk  startup_tm4c.o [1]
PWMGen1_IRQHandler      0x00000357    0xa  Code  Wk  startup_tm4c.o [1]
PWMGen2_IRQHandler      0x00000357    0xa  Code  Wk  startup_tm4c.o [1]
PWMGen3_IRQHandler      0x00000357    0xa  Code  Wk  startup_tm4c.o [1]
PendSV_Handler          0x00000357    0xa  Code  Wk  startup_tm4c.o [1]
QEI0_IRQHandler         0x00000357    0xa  Code  Wk  startup_tm4c.o [1]
QEI1_IRQHandler         0x00000357    0xa  Code  Wk  startup_tm4c.o [1]
QEI2_IRQHandler         0x00000357    0xa  Code  Wk  startup_tm4c.o [1]
Region$$Table$$Base     0x00000000          --   Gb  - Linker created -
Region$$Table$$Limit    0x00000000          --   Gb  - Linker created -
SSI0_IRQHandler         0x00000357    0xa  Code  Wk  startup_tm4c.o [1]
SSI1_IRQHandler         0x00000357    0xa  Code  Wk  startup_tm4c.o [1]
SSI2_IRQHandler         0x00000357    0xa  Code  Wk  startup_tm4c.o [1]
SSI3_IRQHandler         0x00000357    0xa  Code  Wk  startup_tm4c.o [1]
SVC_Handler             0x00000357    0xa  Code  Wk  startup_tm4c.o [1]
SysCtrl_IRQHandler      0x00000357    0xa  Code  Wk  startup_tm4c.o [1]
SysTick_Handler         0x0000030b    0xe  Code  Gb  bsp.o [1]
Timer0A_IRQHandler      0x00000357    0xa  Code  Wk  startup_tm4c.o [1]
Timer0B_IRQHandler      0x00000357    0xa  Code  Wk  startup_tm4c.o [1]
Timer1A_IRQHandler      0x00000357    0xa  Code  Wk  startup_tm4c.o [1]
Timer1B_IRQHandler      0x00000357    0xa  Code  Wk  startup_tm4c.o [1]
Timer2A_IRQHandler      0x00000357    0xa  Code  Wk  startup_tm4c.o [1]
Timer2B_IRQHandler      0x00000357    0xa  Code  Wk  startup_tm4c.o [1]
Timer3A_IRQHandler      0x00000357    0xa  Code  Wk  startup_tm4c.o [1]
Timer3B_IRQHandler      0x00000357    0xa  Code  Wk  startup_tm4c.o [1]
Timer4A_IRQHandler      0x00000357    0xa  Code  Wk  startup_tm4c.o [1]
Timer4B_IRQHandler      0x00000357    0xa  Code  Wk  startup_tm4c.o [1]
Timer5A_IRQHandler      0x00000357    0xa  Code  Wk  startup_tm4c.o [1]
Timer5B_IRQHandler      0x00000357    0xa  Code  Wk  startup_tm4c.o [1]
UART0_IRQHandler        0x00000357    0xa  Code  Wk  startup_tm4c.o [1]
UART1_IRQHandler        0x00000357    0xa  Code  Wk  startup_tm4c.o [1]
UART2_IRQHandler        0x00000357    0xa  Code  Wk  startup_tm4c.o [1]
UART3_IRQHandler        0x00000357    0xa  Code  Wk  startup_tm4c.o [1]
UART4_IRQHandler        0x00000357    0xa  Code  Wk  startup_tm4c.o [1]
UART5_IRQHandler        0x00000357    0xa  Code  Wk  startup_tm4c.o [1]
UART6_IRQHandler        0x00000357    0xa  Code  Wk  startup_tm4c.o [1]
UART7_IRQHandler        0x00000357    0xa  Code  Wk  startup_tm4c.o [1]
USB0_IRQHandler         0x00000357    0xa  Code  Wk  startup_tm4c.o [1]
Unused_Handler          0x00000357    0xa  Code  Gb  startup_tm4c.o [1]
UsageFault_Handler      0x0000034d    0xa  Code  Gb  startup_tm4c.o [1]
Watchdog_IRQHandler     0x00000357    0xa  Code  Wk  startup_tm4c.o [1]
WideTimer0A_IRQHandler  0x00000357    0xa  Code  Wk  startup_tm4c.o [1]
WideTimer0B_IRQHandler  0x00000357    0xa  Code  Wk  startup_tm4c.o [1]
WideTimer1A_IRQHandler  0x00000357    0xa  Code  Wk  startup_tm4c.o [1]
WideTimer1B_IRQHandler  0x00000357    0xa  Code  Wk  startup_tm4c.o [1]
WideTimer2A_IRQHandler  0x00000357    0xa  Code  Wk  startup_tm4c.o [1]
WideTimer2B_IRQHandler  0x00000357    0xa  Code  Wk  startup_tm4c.o [1]
WideTimer3A_IRQHandler  0x00000357    0xa  Code  Wk  startup_tm4c.o [1]
WideTimer3B_IRQHandler  0x00000357    0xa  Code  Wk  startup_tm4c.o [1]
WideTimer4A_IRQHandler  0x00000357    0xa  Code  Wk  startup_tm4c.o [1]
WideTimer4B_IRQHandler  0x00000357    0xa  Code  Wk  startup_tm4c.o [1]
WideTimer5A_IRQHandler  0x00000357    0xa  Code  Wk  startup_tm4c.o [1]
WideTimer5B_IRQHandler  0x00000357    0xa  Code  Wk  startup_tm4c.o [1]
__cmain                 0x0000039d         Code  Gb  cmain.o [5]
__exit                  0x000003cd         Code  Gb  XXexit.o [5]
__iar_init_vfp          0x00000379         Code  Gb  fpinit_M.o [4]
__iar_program_start     0x00000409         Code  Gb  cstartup_M.o [5]
__low_level_init        0x000003b7    0x4  Code  Gb  low_level_init.o [3]
__vector_table          0x00000000  0x26c  Data  Gb  startup_tm4c.o [1]
_call_main              0x000003a9         Code  Gb  cmain.o [5]
_exit                   0x000003c1         Code  Gb  cexit.o [5]
_main                   0x000003b3         Code  Gb  cmain.o [5]
assert_failed           0x00000305    0x6  Code  Gb  bsp.o [1]
exit                    0x000003bb    0x4  Code  Gb  exit.o [3]
main                    0x0000026d   0x7c  Code  Gb  main.o [1]
uDMAError_IRQHandler    0x00000357    0xa  Code  Wk  startup_tm4c.o [1]
uDMAST_IRQHandler       0x00000357    0xa  Code  Wk  startup_tm4c.o [1]


[1] = C:\embedded_programming\lesson17\Debug\Obj
[2] = command line
[3] = dl7M_tln.a
[4] = m7M_tls.a
[5] = rt7M_tl.a

    376 bytes of readonly  code memory
    676 bytes of readonly  data memory
  1 024 bytes of readwrite data memory

Errors: none
Warnings: none
